bun test v1.3.13 (bf2e2cec)

 17 pass
 0 fail
 17 expect() calls
Ran 17 tests across 1 file. [18.00ms]
